My name is ##########, and I live in ########. My Social Security number is ###########, and I am ############. You can reach me on my cell at ############## - that's a ########### number. The username I use to access my account is ##########.
